{
  "matrix_id": "A-h2-v2-mig-20261009",
  "matrix_sha256": "e02810e0a3bf44f2c823ef494bac5e753efe860b2dc9e32ac69cd5ab3e793e8e",
  "jobs": [
    {
      "run_id": "A-h2-v2-mig-20261009-h2_forced_prefix-s0",
      "config": {
        "model": "EleutherAI/pythia-2.8b",
        "model_revision": "2a259cdd96a4beb1cdf467512e3904197345f6a9",
        "precision": "fp16",
        "scorer_precision": "fp32",
        "position_policy": "cache_relative",
        "run_id": "A-h2-v2-mig-20261009-h2_forced_prefix-s0",
        "method": "h2_forced_prefix",
        "book_files": [
          "data/pg19/validation/1022.txt",
          "data/pg19/validation/11155.txt",
          "data/pg19/validation/13089.txt"
        ],
        "sink_tokens": 4,
        "recent_tokens": 1020,
        "max_tokens_per_book": 8192,
        "min_scored_idx": 1025,
        "output_dir": null,
        "seed": 0,
        "phase": "ablation",
        "protocol_id": "reproduction-v2-owner-authorized",
        "assets_manifest": "data/assets_manifest.json",
        "manifest_split": "dev",
        "asset_root": "data/pg19",
        "offline": true,
        "device": "cuda",
        "calibration_start": 64,
        "calibration_end": 512,
        "selection_threshold": 0.9,
        "max_gpu_seconds": 2243,
        "parent_run_id": null,
        "environment_id": "h800-mig2g20-torch214-transformers433",
        "inject_failure_after_book": null
      },
      "output_path": "runs/A-h2-v2-mig-20261009-h2_forced_prefix-s0",
      "existing_status": "not_registered",
      "reusable": false,
      "estimated_gpu_hours": 0.4717222222222222,
      "config_sha256": "8065c0b22a23263be346eab9f4f73cb270dc59f2a1e3f30c3433188ce40318b0",
      "selected_device": "MIG-e6fc2d29-df53-531c-bfda-84767274c8a2"
    },
    {
      "run_id": "A-h2-v2-mig-20261009-random_anchors-s0",
      "config": {
        "model": "EleutherAI/pythia-2.8b",
        "model_revision": "2a259cdd96a4beb1cdf467512e3904197345f6a9",
        "precision": "fp16",
        "scorer_precision": "fp32",
        "position_policy": "cache_relative",
        "run_id": "A-h2-v2-mig-20261009-random_anchors-s0",
        "method": "random_anchors",
        "book_files": [
          "data/pg19/validation/1022.txt",
          "data/pg19/validation/11155.txt",
          "data/pg19/validation/13089.txt"
        ],
        "sink_tokens": 4,
        "recent_tokens": 1020,
        "max_tokens_per_book": 8192,
        "min_scored_idx": 1025,
        "output_dir": null,
        "seed": 0,
        "phase": "ablation",
        "protocol_id": "reproduction-v2-owner-authorized",
        "assets_manifest": "data/assets_manifest.json",
        "manifest_split": "dev",
        "asset_root": "data/pg19",
        "offline": true,
        "device": "cuda",
        "calibration_start": 64,
        "calibration_end": 512,
        "selection_threshold": 0.9,
        "max_gpu_seconds": 2243,
        "parent_run_id": null,
        "environment_id": "h800-mig2g20-torch214-transformers433",
        "inject_failure_after_book": null
      },
      "output_path": "runs/A-h2-v2-mig-20261009-random_anchors-s0",
      "existing_status": "not_registered",
      "reusable": false,
      "estimated_gpu_hours": 0.4717222222222222,
      "config_sha256": "b3a3b755b89f503265c6c5d315896b1c517898c6b9ba3f8cb4ecde3041eac36b",
      "selected_device": "MIG-e6fc2d29-df53-531c-bfda-84767274c8a2"
    },
    {
      "run_id": "A-h2-v2-mig-20261009-h2_forced_prefix-s1",
      "config": {
        "model": "EleutherAI/pythia-2.8b",
        "model_revision": "2a259cdd96a4beb1cdf467512e3904197345f6a9",
        "precision": "fp16",
        "scorer_precision": "fp32",
        "position_policy": "cache_relative",
        "run_id": "A-h2-v2-mig-20261009-h2_forced_prefix-s1",
        "method": "h2_forced_prefix",
        "book_files": [
          "data/pg19/validation/1022.txt",
          "data/pg19/validation/11155.txt",
          "data/pg19/validation/13089.txt"
        ],
        "sink_tokens": 4,
        "recent_tokens": 1020,
        "max_tokens_per_book": 8192,
        "min_scored_idx": 1025,
        "output_dir": null,
        "seed": 1,
        "phase": "ablation",
        "protocol_id": "reproduction-v2-owner-authorized",
        "assets_manifest": "data/assets_manifest.json",
        "manifest_split": "dev",
        "asset_root": "data/pg19",
        "offline": true,
        "device": "cuda",
        "calibration_start": 64,
        "calibration_end": 512,
        "selection_threshold": 0.9,
        "max_gpu_seconds": 2243,
        "parent_run_id": null,
        "environment_id": "h800-mig2g20-torch214-transformers433",
        "inject_failure_after_book": null
      },
      "output_path": "runs/A-h2-v2-mig-20261009-h2_forced_prefix-s1",
      "existing_status": "not_registered",
      "reusable": false,
      "estimated_gpu_hours": 0.4717222222222222,
      "config_sha256": "c12834270ae50d4ba1fd03b359f1a0652afe167326b08c22773f780154c9f026",
      "selected_device": "MIG-0ac25523-86e7-5277-bfb8-0d8f3b6175d7"
    },
    {
      "run_id": "A-h2-v2-mig-20261009-random_anchors-s1",
      "config": {
        "model": "EleutherAI/pythia-2.8b",
        "model_revision": "2a259cdd96a4beb1cdf467512e3904197345f6a9",
        "precision": "fp16",
        "scorer_precision": "fp32",
        "position_policy": "cache_relative",
        "run_id": "A-h2-v2-mig-20261009-random_anchors-s1",
        "method": "random_anchors",
        "book_files": [
          "data/pg19/validation/1022.txt",
          "data/pg19/validation/11155.txt",
          "data/pg19/validation/13089.txt"
        ],
        "sink_tokens": 4,
        "recent_tokens": 1020,
        "max_tokens_per_book": 8192,
        "min_scored_idx": 1025,
        "output_dir": null,
        "seed": 1,
        "phase": "ablation",
        "protocol_id": "reproduction-v2-owner-authorized",
        "assets_manifest": "data/assets_manifest.json",
        "manifest_split": "dev",
        "asset_root": "data/pg19",
        "offline": true,
        "device": "cuda",
        "calibration_start": 64,
        "calibration_end": 512,
        "selection_threshold": 0.9,
        "max_gpu_seconds": 2243,
        "parent_run_id": null,
        "environment_id": "h800-mig2g20-torch214-transformers433",
        "inject_failure_after_book": null
      },
      "output_path": "runs/A-h2-v2-mig-20261009-random_anchors-s1",
      "existing_status": "not_registered",
      "reusable": false,
      "estimated_gpu_hours": 0.4717222222222222,
      "config_sha256": "4139ed568d853f027e9b36f9840f1c8ea82899d4002d9ae8db5e2913fe0da45e",
      "selected_device": "MIG-0ac25523-86e7-5277-bfb8-0d8f3b6175d7"
    },
    {
      "run_id": "A-h2-v2-mig-20261009-h2_forced_prefix-s2",
      "config": {
        "model": "EleutherAI/pythia-2.8b",
        "model_revision": "2a259cdd96a4beb1cdf467512e3904197345f6a9",
        "precision": "fp16",
        "scorer_precision": "fp32",
        "position_policy": "cache_relative",
        "run_id": "A-h2-v2-mig-20261009-h2_forced_prefix-s2",
        "method": "h2_forced_prefix",
        "book_files": [
          "data/pg19/validation/1022.txt",
          "data/pg19/validation/11155.txt",
          "data/pg19/validation/13089.txt"
        ],
        "sink_tokens": 4,
        "recent_tokens": 1020,
        "max_tokens_per_book": 8192,
        "min_scored_idx": 1025,
        "output_dir": null,
        "seed": 2,
        "phase": "ablation",
        "protocol_id": "reproduction-v2-owner-authorized",
        "assets_manifest": "data/assets_manifest.json",
        "manifest_split": "dev",
        "asset_root": "data/pg19",
        "offline": true,
        "device": "cuda",
        "calibration_start": 64,
        "calibration_end": 512,
        "selection_threshold": 0.9,
        "max_gpu_seconds": 2243,
        "parent_run_id": null,
        "environment_id": "h800-mig2g20-torch214-transformers433",
        "inject_failure_after_book": null
      },
      "output_path": "runs/A-h2-v2-mig-20261009-h2_forced_prefix-s2",
      "existing_status": "not_registered",
      "reusable": false,
      "estimated_gpu_hours": 0.4717222222222222,
      "config_sha256": "76075be9232ca49599da84524346c0e7c9aa933010f160066b13e281f555ab9d",
      "selected_device": "MIG-c3be06c6-cf04-5d8b-85a3-617a77291100"
    },
    {
      "run_id": "A-h2-v2-mig-20261009-random_anchors-s2",
      "config": {
        "model": "EleutherAI/pythia-2.8b",
        "model_revision": "2a259cdd96a4beb1cdf467512e3904197345f6a9",
        "precision": "fp16",
        "scorer_precision": "fp32",
        "position_policy": "cache_relative",
        "run_id": "A-h2-v2-mig-20261009-random_anchors-s2",
        "method": "random_anchors",
        "book_files": [
          "data/pg19/validation/1022.txt",
          "data/pg19/validation/11155.txt",
          "data/pg19/validation/13089.txt"
        ],
        "sink_tokens": 4,
        "recent_tokens": 1020,
        "max_tokens_per_book": 8192,
        "min_scored_idx": 1025,
        "output_dir": null,
        "seed": 2,
        "phase": "ablation",
        "protocol_id": "reproduction-v2-owner-authorized",
        "assets_manifest": "data/assets_manifest.json",
        "manifest_split": "dev",
        "asset_root": "data/pg19",
        "offline": true,
        "device": "cuda",
        "calibration_start": 64,
        "calibration_end": 512,
        "selection_threshold": 0.9,
        "max_gpu_seconds": 2243,
        "parent_run_id": null,
        "environment_id": "h800-mig2g20-torch214-transformers433",
        "inject_failure_after_book": null
      },
      "output_path": "runs/A-h2-v2-mig-20261009-random_anchors-s2",
      "existing_status": "not_registered",
      "reusable": false,
      "estimated_gpu_hours": 0.4717222222222222,
      "config_sha256": "a4e7e47dcbb66d9d08b9c7d308da334c35012b641dfefc76a52f358cf5acb719",
      "selected_device": "MIG-c3be06c6-cf04-5d8b-85a3-617a77291100"
    }
  ],
  "spent_or_reserved_gpu_hours": 21.890332103256366,
  "estimated_new_gpu_hours": 2.8303333333333334,
  "ceiling_gpu_hours": null,
  "approval": "approved",
  "selected_gpu": "MIG-e6fc2d29-df53-531c-bfda-84767274c8a2",
  "seed_devices": {
    "0": "MIG-e6fc2d29-df53-531c-bfda-84767274c8a2",
    "1": "MIG-0ac25523-86e7-5277-bfb8-0d8f3b6175d7",
    "2": "MIG-c3be06c6-cf04-5d8b-85a3-617a77291100"
  },
  "max_parallel": 3,
  "dry_run": false
}
{"event": "launch", "run_id": "A-h2-v2-mig-20261009-h2_forced_prefix-s0", "device": "MIG-e6fc2d29-df53-531c-bfda-84767274c8a2"}
{"event": "launch", "run_id": "A-h2-v2-mig-20261009-h2_forced_prefix-s2", "device": "MIG-c3be06c6-cf04-5d8b-85a3-617a77291100"}
{"event": "launch", "run_id": "A-h2-v2-mig-20261009-h2_forced_prefix-s1", "device": "MIG-0ac25523-86e7-5277-bfb8-0d8f3b6175d7"}
{"event": "finished", "run_id": "A-h2-v2-mig-20261009-h2_forced_prefix-s2", "exit_code": 0}
{"event": "launch", "run_id": "A-h2-v2-mig-20261009-random_anchors-s2", "device": "MIG-c3be06c6-cf04-5d8b-85a3-617a77291100"}
{"event": "finished", "run_id": "A-h2-v2-mig-20261009-h2_forced_prefix-s0", "exit_code": 0}
{"event": "launch", "run_id": "A-h2-v2-mig-20261009-random_anchors-s0", "device": "MIG-e6fc2d29-df53-531c-bfda-84767274c8a2"}
{"event": "finished", "run_id": "A-h2-v2-mig-20261009-h2_forced_prefix-s1", "exit_code": 0}
{"event": "launch", "run_id": "A-h2-v2-mig-20261009-random_anchors-s1", "device": "MIG-0ac25523-86e7-5277-bfb8-0d8f3b6175d7"}
{"event": "finished", "run_id": "A-h2-v2-mig-20261009-random_anchors-s2", "exit_code": 0}
{"event": "finished", "run_id": "A-h2-v2-mig-20261009-random_anchors-s0", "exit_code": 0}
{"event": "finished", "run_id": "A-h2-v2-mig-20261009-random_anchors-s1", "exit_code": 0}
