{
  "matrix_id": "I-h2-v2-mig-20261009",
  "matrix_sha256": "234e94efa57872168684aeed083feee5e4108343f9c1bfff4893c9a8f27a27a8",
  "jobs": [
    {
      "run_id": "I-h2-v2-mig-20261009-h2_sink_selection-s0",
      "config": {
        "model": "EleutherAI/pythia-2.8b",
        "model_revision": "2a259cdd96a4beb1cdf467512e3904197345f6a9",
        "precision": "fp16",
        "scorer_precision": "fp32",
        "position_policy": "cache_relative",
        "run_id": "I-h2-v2-mig-20261009-h2_sink_selection-s0",
        "method": "h2_sink_selection",
        "book_files": [
          "data/pg19/test/10146.txt",
          "data/pg19/test/10321.txt",
          "data/pg19/test/10356.txt",
          "data/pg19/test/10762.txt",
          "data/pg19/test/12204.txt",
          "data/pg19/test/15562.txt",
          "data/pg19/test/22424.txt",
          "data/pg19/test/24553.txt",
          "data/pg19/test/2544.txt",
          "data/pg19/test/25646.txt"
        ],
        "sink_tokens": 4,
        "recent_tokens": 1020,
        "max_tokens_per_book": 16384,
        "min_scored_idx": 1025,
        "output_dir": null,
        "seed": 0,
        "phase": "improvement",
        "protocol_id": "reproduction-v2-owner-authorized",
        "assets_manifest": "data/assets_manifest.json",
        "manifest_split": "test",
        "asset_root": "data/pg19",
        "offline": true,
        "device": "cuda",
        "calibration_start": 64,
        "calibration_end": 512,
        "selection_threshold": 0.9,
        "max_gpu_seconds": 13078,
        "parent_run_id": null,
        "environment_id": "h800-mig2g20-torch214-transformers433",
        "inject_failure_after_book": null
      },
      "output_path": "runs/I-h2-v2-mig-20261009-h2_sink_selection-s0",
      "existing_status": "not_registered",
      "reusable": false,
      "estimated_gpu_hours": 2.8793888888888888,
      "config_sha256": "7f579b5db8c8f76acfdaf7a128e6d98ff843ec6381288c45f72ce2a0bcfb39ba",
      "selected_device": "MIG-e6fc2d29-df53-531c-bfda-84767274c8a2"
    },
    {
      "run_id": "I-h2-v2-mig-20261009-h2_sink_selection-s1",
      "config": {
        "model": "EleutherAI/pythia-2.8b",
        "model_revision": "2a259cdd96a4beb1cdf467512e3904197345f6a9",
        "precision": "fp16",
        "scorer_precision": "fp32",
        "position_policy": "cache_relative",
        "run_id": "I-h2-v2-mig-20261009-h2_sink_selection-s1",
        "method": "h2_sink_selection",
        "book_files": [
          "data/pg19/test/10146.txt",
          "data/pg19/test/10321.txt",
          "data/pg19/test/10356.txt",
          "data/pg19/test/10762.txt",
          "data/pg19/test/12204.txt",
          "data/pg19/test/15562.txt",
          "data/pg19/test/22424.txt",
          "data/pg19/test/24553.txt",
          "data/pg19/test/2544.txt",
          "data/pg19/test/25646.txt"
        ],
        "sink_tokens": 4,
        "recent_tokens": 1020,
        "max_tokens_per_book": 16384,
        "min_scored_idx": 1025,
        "output_dir": null,
        "seed": 1,
        "phase": "improvement",
        "protocol_id": "reproduction-v2-owner-authorized",
        "assets_manifest": "data/assets_manifest.json",
        "manifest_split": "test",
        "asset_root": "data/pg19",
        "offline": true,
        "device": "cuda",
        "calibration_start": 64,
        "calibration_end": 512,
        "selection_threshold": 0.9,
        "max_gpu_seconds": 13078,
        "parent_run_id": null,
        "environment_id": "h800-mig2g20-torch214-transformers433",
        "inject_failure_after_book": null
      },
      "output_path": "runs/I-h2-v2-mig-20261009-h2_sink_selection-s1",
      "existing_status": "not_registered",
      "reusable": false,
      "estimated_gpu_hours": 2.8793888888888888,
      "config_sha256": "7d99ddb167625cee07be26b9fe66fcf6f17254a49bee2f09ebee4d079637f10f",
      "selected_device": "MIG-0ac25523-86e7-5277-bfb8-0d8f3b6175d7"
    },
    {
      "run_id": "I-h2-v2-mig-20261009-h2_sink_selection-s2",
      "config": {
        "model": "EleutherAI/pythia-2.8b",
        "model_revision": "2a259cdd96a4beb1cdf467512e3904197345f6a9",
        "precision": "fp16",
        "scorer_precision": "fp32",
        "position_policy": "cache_relative",
        "run_id": "I-h2-v2-mig-20261009-h2_sink_selection-s2",
        "method": "h2_sink_selection",
        "book_files": [
          "data/pg19/test/10146.txt",
          "data/pg19/test/10321.txt",
          "data/pg19/test/10356.txt",
          "data/pg19/test/10762.txt",
          "data/pg19/test/12204.txt",
          "data/pg19/test/15562.txt",
          "data/pg19/test/22424.txt",
          "data/pg19/test/24553.txt",
          "data/pg19/test/2544.txt",
          "data/pg19/test/25646.txt"
        ],
        "sink_tokens": 4,
        "recent_tokens": 1020,
        "max_tokens_per_book": 16384,
        "min_scored_idx": 1025,
        "output_dir": null,
        "seed": 2,
        "phase": "improvement",
        "protocol_id": "reproduction-v2-owner-authorized",
        "assets_manifest": "data/assets_manifest.json",
        "manifest_split": "test",
        "asset_root": "data/pg19",
        "offline": true,
        "device": "cuda",
        "calibration_start": 64,
        "calibration_end": 512,
        "selection_threshold": 0.9,
        "max_gpu_seconds": 13078,
        "parent_run_id": null,
        "environment_id": "h800-mig2g20-torch214-transformers433",
        "inject_failure_after_book": null
      },
      "output_path": "runs/I-h2-v2-mig-20261009-h2_sink_selection-s2",
      "existing_status": "not_registered",
      "reusable": false,
      "estimated_gpu_hours": 2.8793888888888888,
      "config_sha256": "87184a55e5fbd0a10a89f22f47171af0d6379c250836686137f713ff61770105",
      "selected_device": "MIG-c3be06c6-cf04-5d8b-85a3-617a77291100"
    }
  ],
  "spent_or_reserved_gpu_hours": 15.799011217843768,
  "estimated_new_gpu_hours": 8.638166666666667,
  "ceiling_gpu_hours": null,
  "approval": "approved",
  "selected_gpu": "MIG-e6fc2d29-df53-531c-bfda-84767274c8a2",
  "seed_devices": {
    "0": "MIG-e6fc2d29-df53-531c-bfda-84767274c8a2",
    "1": "MIG-0ac25523-86e7-5277-bfb8-0d8f3b6175d7",
    "2": "MIG-c3be06c6-cf04-5d8b-85a3-617a77291100"
  },
  "max_parallel": 3,
  "dry_run": false
}
{"event": "launch", "run_id": "I-h2-v2-mig-20261009-h2_sink_selection-s2", "device": "MIG-c3be06c6-cf04-5d8b-85a3-617a77291100"}
{"event": "launch", "run_id": "I-h2-v2-mig-20261009-h2_sink_selection-s1", "device": "MIG-0ac25523-86e7-5277-bfb8-0d8f3b6175d7"}
{"event": "launch", "run_id": "I-h2-v2-mig-20261009-h2_sink_selection-s0", "device": "MIG-e6fc2d29-df53-531c-bfda-84767274c8a2"}
{"event": "finished", "run_id": "I-h2-v2-mig-20261009-h2_sink_selection-s1", "exit_code": 0}
{"event": "finished", "run_id": "I-h2-v2-mig-20261009-h2_sink_selection-s2", "exit_code": 0}
{"event": "finished", "run_id": "I-h2-v2-mig-20261009-h2_sink_selection-s0", "exit_code": 0}
