{
  "matrix_id": "P-v2-mig-20261009",
  "matrix_sha256": "2316bd153f3706476f751737392b2e24cf7ee3732c97b9df483a692540a46bb6",
  "jobs": [
    {
      "run_id": "P-v2-mig-20261009-streaming-s0",
      "config": {
        "model": "EleutherAI/pythia-2.8b",
        "model_revision": "2a259cdd96a4beb1cdf467512e3904197345f6a9",
        "precision": "fp16",
        "scorer_precision": "fp32",
        "position_policy": "cache_relative",
        "run_id": "P-v2-mig-20261009-streaming-s0",
        "method": "streaming",
        "book_files": [
          "data/pg19/validation/1022.txt",
          "data/pg19/validation/11155.txt",
          "data/pg19/validation/13089.txt"
        ],
        "sink_tokens": 4,
        "recent_tokens": 1020,
        "max_tokens_per_book": 8192,
        "min_scored_idx": 1025,
        "output_dir": null,
        "seed": 0,
        "phase": "pilot",
        "protocol_id": "reproduction-v2-owner-authorized",
        "assets_manifest": "data/assets_manifest.json",
        "manifest_split": "dev",
        "asset_root": "data/pg19",
        "offline": true,
        "device": "cuda",
        "calibration_start": 64,
        "calibration_end": 512,
        "selection_threshold": 0.9,
        "max_gpu_seconds": 2243,
        "parent_run_id": null,
        "environment_id": "h800-mig2g20-torch214-transformers433",
        "inject_failure_after_book": null
      },
      "output_path": "runs/P-v2-mig-20261009-streaming-s0",
      "existing_status": "not_registered",
      "reusable": false,
      "estimated_gpu_hours": 0.4717222222222222,
      "config_sha256": "15cf12d57c2936e6df8ed5b574ed7c473bc70f48f62d9edcd2b9fcd40cc2b84b",
      "selected_device": "MIG-e6fc2d29-df53-531c-bfda-84767274c8a2"
    },
    {
      "run_id": "P-v2-mig-20261009-h1_adaptive_sink-s0",
      "config": {
        "model": "EleutherAI/pythia-2.8b",
        "model_revision": "2a259cdd96a4beb1cdf467512e3904197345f6a9",
        "precision": "fp16",
        "scorer_precision": "fp32",
        "position_policy": "cache_relative",
        "run_id": "P-v2-mig-20261009-h1_adaptive_sink-s0",
        "method": "h1_adaptive_sink",
        "book_files": [
          "data/pg19/validation/1022.txt",
          "data/pg19/validation/11155.txt",
          "data/pg19/validation/13089.txt"
        ],
        "sink_tokens": 4,
        "recent_tokens": 1020,
        "max_tokens_per_book": 8192,
        "min_scored_idx": 1025,
        "output_dir": null,
        "seed": 0,
        "phase": "pilot",
        "protocol_id": "reproduction-v2-owner-authorized",
        "assets_manifest": "data/assets_manifest.json",
        "manifest_split": "dev",
        "asset_root": "data/pg19",
        "offline": true,
        "device": "cuda",
        "calibration_start": 64,
        "calibration_end": 512,
        "selection_threshold": 0.9,
        "max_gpu_seconds": 2243,
        "parent_run_id": null,
        "environment_id": "h800-mig2g20-torch214-transformers433",
        "inject_failure_after_book": null
      },
      "output_path": "runs/P-v2-mig-20261009-h1_adaptive_sink-s0",
      "existing_status": "not_registered",
      "reusable": false,
      "estimated_gpu_hours": 0.4717222222222222,
      "config_sha256": "ebdc4469c9ced44c097df672d963b0e172154198905c72dcc4c15ee3742b8b15",
      "selected_device": "MIG-e6fc2d29-df53-531c-bfda-84767274c8a2"
    },
    {
      "run_id": "P-v2-mig-20261009-h2_sink_selection-s0",
      "config": {
        "model": "EleutherAI/pythia-2.8b",
        "model_revision": "2a259cdd96a4beb1cdf467512e3904197345f6a9",
        "precision": "fp16",
        "scorer_precision": "fp32",
        "position_policy": "cache_relative",
        "run_id": "P-v2-mig-20261009-h2_sink_selection-s0",
        "method": "h2_sink_selection",
        "book_files": [
          "data/pg19/validation/1022.txt",
          "data/pg19/validation/11155.txt",
          "data/pg19/validation/13089.txt"
        ],
        "sink_tokens": 4,
        "recent_tokens": 1020,
        "max_tokens_per_book": 8192,
        "min_scored_idx": 1025,
        "output_dir": null,
        "seed": 0,
        "phase": "pilot",
        "protocol_id": "reproduction-v2-owner-authorized",
        "assets_manifest": "data/assets_manifest.json",
        "manifest_split": "dev",
        "asset_root": "data/pg19",
        "offline": true,
        "device": "cuda",
        "calibration_start": 64,
        "calibration_end": 512,
        "selection_threshold": 0.9,
        "max_gpu_seconds": 2243,
        "parent_run_id": null,
        "environment_id": "h800-mig2g20-torch214-transformers433",
        "inject_failure_after_book": null
      },
      "output_path": "runs/P-v2-mig-20261009-h2_sink_selection-s0",
      "existing_status": "not_registered",
      "reusable": false,
      "estimated_gpu_hours": 0.4717222222222222,
      "config_sha256": "5e509126013fe0da37905e23a4dcc44de7f23a33c9c41a11eb12c04eff29f750",
      "selected_device": "MIG-e6fc2d29-df53-531c-bfda-84767274c8a2"
    },
    {
      "run_id": "P-v2-mig-20261009-streaming-s1",
      "config": {
        "model": "EleutherAI/pythia-2.8b",
        "model_revision": "2a259cdd96a4beb1cdf467512e3904197345f6a9",
        "precision": "fp16",
        "scorer_precision": "fp32",
        "position_policy": "cache_relative",
        "run_id": "P-v2-mig-20261009-streaming-s1",
        "method": "streaming",
        "book_files": [
          "data/pg19/validation/1022.txt",
          "data/pg19/validation/11155.txt",
          "data/pg19/validation/13089.txt"
        ],
        "sink_tokens": 4,
        "recent_tokens": 1020,
        "max_tokens_per_book": 8192,
        "min_scored_idx": 1025,
        "output_dir": null,
        "seed": 1,
        "phase": "pilot",
        "protocol_id": "reproduction-v2-owner-authorized",
        "assets_manifest": "data/assets_manifest.json",
        "manifest_split": "dev",
        "asset_root": "data/pg19",
        "offline": true,
        "device": "cuda",
        "calibration_start": 64,
        "calibration_end": 512,
        "selection_threshold": 0.9,
        "max_gpu_seconds": 2243,
        "parent_run_id": null,
        "environment_id": "h800-mig2g20-torch214-transformers433",
        "inject_failure_after_book": null
      },
      "output_path": "runs/P-v2-mig-20261009-streaming-s1",
      "existing_status": "not_registered",
      "reusable": false,
      "estimated_gpu_hours": 0.4717222222222222,
      "config_sha256": "3ba4ac25bfe695cc24db36d81b7e5cf091d215a1e0f6fba4274dcf1f52b0218b",
      "selected_device": "MIG-0ac25523-86e7-5277-bfb8-0d8f3b6175d7"
    },
    {
      "run_id": "P-v2-mig-20261009-h1_adaptive_sink-s1",
      "config": {
        "model": "EleutherAI/pythia-2.8b",
        "model_revision": "2a259cdd96a4beb1cdf467512e3904197345f6a9",
        "precision": "fp16",
        "scorer_precision": "fp32",
        "position_policy": "cache_relative",
        "run_id": "P-v2-mig-20261009-h1_adaptive_sink-s1",
        "method": "h1_adaptive_sink",
        "book_files": [
          "data/pg19/validation/1022.txt",
          "data/pg19/validation/11155.txt",
          "data/pg19/validation/13089.txt"
        ],
        "sink_tokens": 4,
        "recent_tokens": 1020,
        "max_tokens_per_book": 8192,
        "min_scored_idx": 1025,
        "output_dir": null,
        "seed": 1,
        "phase": "pilot",
        "protocol_id": "reproduction-v2-owner-authorized",
        "assets_manifest": "data/assets_manifest.json",
        "manifest_split": "dev",
        "asset_root": "data/pg19",
        "offline": true,
        "device": "cuda",
        "calibration_start": 64,
        "calibration_end": 512,
        "selection_threshold": 0.9,
        "max_gpu_seconds": 2243,
        "parent_run_id": null,
        "environment_id": "h800-mig2g20-torch214-transformers433",
        "inject_failure_after_book": null
      },
      "output_path": "runs/P-v2-mig-20261009-h1_adaptive_sink-s1",
      "existing_status": "not_registered",
      "reusable": false,
      "estimated_gpu_hours": 0.4717222222222222,
      "config_sha256": "577c977b160fe559d737e4b06b70a03c10a1ec97d3fc0289c923b5b2c0624709",
      "selected_device": "MIG-0ac25523-86e7-5277-bfb8-0d8f3b6175d7"
    },
    {
      "run_id": "P-v2-mig-20261009-h2_sink_selection-s1",
      "config": {
        "model": "EleutherAI/pythia-2.8b",
        "model_revision": "2a259cdd96a4beb1cdf467512e3904197345f6a9",
        "precision": "fp16",
        "scorer_precision": "fp32",
        "position_policy": "cache_relative",
        "run_id": "P-v2-mig-20261009-h2_sink_selection-s1",
        "method": "h2_sink_selection",
        "book_files": [
          "data/pg19/validation/1022.txt",
          "data/pg19/validation/11155.txt",
          "data/pg19/validation/13089.txt"
        ],
        "sink_tokens": 4,
        "recent_tokens": 1020,
        "max_tokens_per_book": 8192,
        "min_scored_idx": 1025,
        "output_dir": null,
        "seed": 1,
        "phase": "pilot",
        "protocol_id": "reproduction-v2-owner-authorized",
        "assets_manifest": "data/assets_manifest.json",
        "manifest_split": "dev",
        "asset_root": "data/pg19",
        "offline": true,
        "device": "cuda",
        "calibration_start": 64,
        "calibration_end": 512,
        "selection_threshold": 0.9,
        "max_gpu_seconds": 2243,
        "parent_run_id": null,
        "environment_id": "h800-mig2g20-torch214-transformers433",
        "inject_failure_after_book": null
      },
      "output_path": "runs/P-v2-mig-20261009-h2_sink_selection-s1",
      "existing_status": "not_registered",
      "reusable": false,
      "estimated_gpu_hours": 0.4717222222222222,
      "config_sha256": "35897d21b53ba2aaaef944877b8b74c3d6883705820f430fa348ffc66cda0ca4",
      "selected_device": "MIG-0ac25523-86e7-5277-bfb8-0d8f3b6175d7"
    },
    {
      "run_id": "P-v2-mig-20261009-streaming-s2",
      "config": {
        "model": "EleutherAI/pythia-2.8b",
        "model_revision": "2a259cdd96a4beb1cdf467512e3904197345f6a9",
        "precision": "fp16",
        "scorer_precision": "fp32",
        "position_policy": "cache_relative",
        "run_id": "P-v2-mig-20261009-streaming-s2",
        "method": "streaming",
        "book_files": [
          "data/pg19/validation/1022.txt",
          "data/pg19/validation/11155.txt",
          "data/pg19/validation/13089.txt"
        ],
        "sink_tokens": 4,
        "recent_tokens": 1020,
        "max_tokens_per_book": 8192,
        "min_scored_idx": 1025,
        "output_dir": null,
        "seed": 2,
        "phase": "pilot",
        "protocol_id": "reproduction-v2-owner-authorized",
        "assets_manifest": "data/assets_manifest.json",
        "manifest_split": "dev",
        "asset_root": "data/pg19",
        "offline": true,
        "device": "cuda",
        "calibration_start": 64,
        "calibration_end": 512,
        "selection_threshold": 0.9,
        "max_gpu_seconds": 2243,
        "parent_run_id": null,
        "environment_id": "h800-mig2g20-torch214-transformers433",
        "inject_failure_after_book": null
      },
      "output_path": "runs/P-v2-mig-20261009-streaming-s2",
      "existing_status": "not_registered",
      "reusable": false,
      "estimated_gpu_hours": 0.4717222222222222,
      "config_sha256": "22e02b6ee82a5bb772fca6fe825897dc2c3aea08eeea9c0234b232cd11392f8c",
      "selected_device": "MIG-c3be06c6-cf04-5d8b-85a3-617a77291100"
    },
    {
      "run_id": "P-v2-mig-20261009-h1_adaptive_sink-s2",
      "config": {
        "model": "EleutherAI/pythia-2.8b",
        "model_revision": "2a259cdd96a4beb1cdf467512e3904197345f6a9",
        "precision": "fp16",
        "scorer_precision": "fp32",
        "position_policy": "cache_relative",
        "run_id": "P-v2-mig-20261009-h1_adaptive_sink-s2",
        "method": "h1_adaptive_sink",
        "book_files": [
          "data/pg19/validation/1022.txt",
          "data/pg19/validation/11155.txt",
          "data/pg19/validation/13089.txt"
        ],
        "sink_tokens": 4,
        "recent_tokens": 1020,
        "max_tokens_per_book": 8192,
        "min_scored_idx": 1025,
        "output_dir": null,
        "seed": 2,
        "phase": "pilot",
        "protocol_id": "reproduction-v2-owner-authorized",
        "assets_manifest": "data/assets_manifest.json",
        "manifest_split": "dev",
        "asset_root": "data/pg19",
        "offline": true,
        "device": "cuda",
        "calibration_start": 64,
        "calibration_end": 512,
        "selection_threshold": 0.9,
        "max_gpu_seconds": 2243,
        "parent_run_id": null,
        "environment_id": "h800-mig2g20-torch214-transformers433",
        "inject_failure_after_book": null
      },
      "output_path": "runs/P-v2-mig-20261009-h1_adaptive_sink-s2",
      "existing_status": "not_registered",
      "reusable": false,
      "estimated_gpu_hours": 0.4717222222222222,
      "config_sha256": "cdcb06dd463af382edec8f8bd475114797551c4c66f6d28f5292dbdff428df72",
      "selected_device": "MIG-c3be06c6-cf04-5d8b-85a3-617a77291100"
    },
    {
      "run_id": "P-v2-mig-20261009-h2_sink_selection-s2",
      "config": {
        "model": "EleutherAI/pythia-2.8b",
        "model_revision": "2a259cdd96a4beb1cdf467512e3904197345f6a9",
        "precision": "fp16",
        "scorer_precision": "fp32",
        "position_policy": "cache_relative",
        "run_id": "P-v2-mig-20261009-h2_sink_selection-s2",
        "method": "h2_sink_selection",
        "book_files": [
          "data/pg19/validation/1022.txt",
          "data/pg19/validation/11155.txt",
          "data/pg19/validation/13089.txt"
        ],
        "sink_tokens": 4,
        "recent_tokens": 1020,
        "max_tokens_per_book": 8192,
        "min_scored_idx": 1025,
        "output_dir": null,
        "seed": 2,
        "phase": "pilot",
        "protocol_id": "reproduction-v2-owner-authorized",
        "assets_manifest": "data/assets_manifest.json",
        "manifest_split": "dev",
        "asset_root": "data/pg19",
        "offline": true,
        "device": "cuda",
        "calibration_start": 64,
        "calibration_end": 512,
        "selection_threshold": 0.9,
        "max_gpu_seconds": 2243,
        "parent_run_id": null,
        "environment_id": "h800-mig2g20-torch214-transformers433",
        "inject_failure_after_book": null
      },
      "output_path": "runs/P-v2-mig-20261009-h2_sink_selection-s2",
      "existing_status": "not_registered",
      "reusable": false,
      "estimated_gpu_hours": 0.4717222222222222,
      "config_sha256": "10a7127e9a84b47643bdec1ae930ff5862b26ba61674efcc6b4d372053eb11bd",
      "selected_device": "MIG-c3be06c6-cf04-5d8b-85a3-617a77291100"
    }
  ],
  "spent_or_reserved_gpu_hours": 12.82021216793542,
  "estimated_new_gpu_hours": 4.2455,
  "ceiling_gpu_hours": null,
  "approval": "approved",
  "selected_gpu": "MIG-e6fc2d29-df53-531c-bfda-84767274c8a2",
  "seed_devices": {
    "0": "MIG-e6fc2d29-df53-531c-bfda-84767274c8a2",
    "1": "MIG-0ac25523-86e7-5277-bfb8-0d8f3b6175d7",
    "2": "MIG-c3be06c6-cf04-5d8b-85a3-617a77291100"
  },
  "max_parallel": 3,
  "dry_run": false
}
{"event": "launch", "run_id": "P-v2-mig-20261009-streaming-s2", "device": "MIG-c3be06c6-cf04-5d8b-85a3-617a77291100"}
{"event": "launch", "run_id": "P-v2-mig-20261009-streaming-s1", "device": "MIG-0ac25523-86e7-5277-bfb8-0d8f3b6175d7"}
{"event": "launch", "run_id": "P-v2-mig-20261009-streaming-s0", "device": "MIG-e6fc2d29-df53-531c-bfda-84767274c8a2"}
{"event": "finished", "run_id": "P-v2-mig-20261009-streaming-s1", "exit_code": 0}
{"event": "launch", "run_id": "P-v2-mig-20261009-h1_adaptive_sink-s1", "device": "MIG-0ac25523-86e7-5277-bfb8-0d8f3b6175d7"}
{"event": "finished", "run_id": "P-v2-mig-20261009-streaming-s2", "exit_code": 0}
{"event": "launch", "run_id": "P-v2-mig-20261009-h1_adaptive_sink-s2", "device": "MIG-c3be06c6-cf04-5d8b-85a3-617a77291100"}
{"event": "finished", "run_id": "P-v2-mig-20261009-streaming-s0", "exit_code": 0}
{"event": "launch", "run_id": "P-v2-mig-20261009-h1_adaptive_sink-s0", "device": "MIG-e6fc2d29-df53-531c-bfda-84767274c8a2"}
{"event": "finished", "run_id": "P-v2-mig-20261009-h1_adaptive_sink-s2", "exit_code": 0}
{"event": "launch", "run_id": "P-v2-mig-20261009-h2_sink_selection-s2", "device": "MIG-c3be06c6-cf04-5d8b-85a3-617a77291100"}
{"event": "finished", "run_id": "P-v2-mig-20261009-h1_adaptive_sink-s0", "exit_code": 0}
{"event": "launch", "run_id": "P-v2-mig-20261009-h2_sink_selection-s0", "device": "MIG-e6fc2d29-df53-531c-bfda-84767274c8a2"}
{"event": "finished", "run_id": "P-v2-mig-20261009-h1_adaptive_sink-s1", "exit_code": 0}
{"event": "launch", "run_id": "P-v2-mig-20261009-h2_sink_selection-s1", "device": "MIG-0ac25523-86e7-5277-bfb8-0d8f3b6175d7"}
{"event": "finished", "run_id": "P-v2-mig-20261009-h2_sink_selection-s2", "exit_code": 0}
{"event": "finished", "run_id": "P-v2-mig-20261009-h2_sink_selection-s0", "exit_code": 0}
{"event": "finished", "run_id": "P-v2-mig-20261009-h2_sink_selection-s1", "exit_code": 0}
