/home/renjie/CISC8006Project/.venv/lib/python3.10/site-packages/huggingface_hub/file_download.py:1142: FutureWarning: `resume_download` is deprecated and will be removed in version 1.0.0. Downloads always resume when possible. If you want to force a new download, use `force_download=True`.
  warnings.warn(
/home/renjie/CISC8006Project/.venv/lib/python3.10/site-packages/transformers/utils/generic.py:311: FutureWarning: `torch.utils._pytree._register_pytree_node` is deprecated. Please use `torch.utils._pytree.register_pytree_node` instead.
  torch.utils._pytree._register_pytree_node(
/home/renjie/CISC8006Project/.venv/lib/python3.10/site-packages/transformers/utils/generic.py:311: FutureWarning: `torch.utils._pytree._register_pytree_node` is deprecated. Please use `torch.utils._pytree.register_pytree_node` instead.
  torch.utils._pytree._register_pytree_node(
/home/renjie/CISC8006Project/.venv/lib/python3.10/site-packages/huggingface_hub/file_download.py:1142: FutureWarning: `resume_download` is deprecated and will be removed in version 1.0.0. Downloads always resume when possible. If you want to force a new download, use `force_download=True`.
  warnings.warn(
StartRecentKVCache: 4, 1020
{"run_id": "D-S1-20261008", "book": "10146", "step": 0}
{"run_id": "D-S1-20261008", "book": "10146", "step": 2048}
{"book": "10146", "nll": 2.2236811565931265, "scored": 3070}
{
  "run_id": "D-S1-20261008",
  "macro_book_nll": 2.2236811565931265,
  "micro_token_nll": 2.2236811565931265,
  "scored_tokens": 3070,
  "elapsed_seconds": 169.27075857808813,
  "predictions_per_second": 24.192010683941557
}
{"run_id": "D-S1-20261008", "status": "completed", "gpu_hours": 0.05482923530404352}
