{
  "matrix_id": "R-v2-20261008",
  "matrix_sha256": "b19fa1cbc74a68c3947832684aeea31f1d3425f97ed1ee92215f4674deacb713",
  "jobs": [
    {
      "run_id": "R-v2-20261008-window-s0",
      "config": {
        "model": "EleutherAI/pythia-2.8b",
        "model_revision": "2a259cdd96a4beb1cdf467512e3904197345f6a9",
        "precision": "fp16",
        "scorer_precision": "fp32",
        "position_policy": "cache_relative",
        "run_id": "R-v2-20261008-window-s0",
        "method": "window",
        "book_files": [
          "data/pg19/test/10146.txt",
          "data/pg19/test/10321.txt",
          "data/pg19/test/10356.txt",
          "data/pg19/test/10762.txt",
          "data/pg19/test/12204.txt",
          "data/pg19/test/15562.txt",
          "data/pg19/test/22424.txt",
          "data/pg19/test/24553.txt",
          "data/pg19/test/2544.txt",
          "data/pg19/test/25646.txt"
        ],
        "sink_tokens": 0,
        "recent_tokens": 1024,
        "max_tokens_per_book": 16384,
        "min_scored_idx": 1025,
        "output_dir": null,
        "seed": 0,
        "phase": "reproduction",
        "protocol_id": "reproduction-v2-candidate",
        "assets_manifest": "data/assets_manifest.json",
        "manifest_split": "test",
        "asset_root": "data/pg19",
        "offline": true,
        "device": "cuda",
        "calibration_start": 64,
        "calibration_end": 512,
        "selection_threshold": 0.9,
        "max_gpu_seconds": 8183,
        "parent_run_id": null,
        "environment_id": "h800-torch214-transformers433",
        "inject_failure_after_book": null
      },
      "output_path": "runs/R-v2-20261008-window-s0",
      "existing_status": "not_registered",
      "reusable": false,
      "estimated_gpu_hours": 1.7916672606370174,
      "config_sha256": "de9f8a90dbc9c714f987fb5872e41fa5175fe3c58fc8544a98772621bdb6cce4"
    },
    {
      "run_id": "R-v2-20261008-streaming-s0",
      "config": {
        "model": "EleutherAI/pythia-2.8b",
        "model_revision": "2a259cdd96a4beb1cdf467512e3904197345f6a9",
        "precision": "fp16",
        "scorer_precision": "fp32",
        "position_policy": "cache_relative",
        "run_id": "R-v2-20261008-streaming-s0",
        "method": "streaming",
        "book_files": [
          "data/pg19/test/10146.txt",
          "data/pg19/test/10321.txt",
          "data/pg19/test/10356.txt",
          "data/pg19/test/10762.txt",
          "data/pg19/test/12204.txt",
          "data/pg19/test/15562.txt",
          "data/pg19/test/22424.txt",
          "data/pg19/test/24553.txt",
          "data/pg19/test/2544.txt",
          "data/pg19/test/25646.txt"
        ],
        "sink_tokens": 4,
        "recent_tokens": 1020,
        "max_tokens_per_book": 16384,
        "min_scored_idx": 1025,
        "output_dir": null,
        "seed": 0,
        "phase": "reproduction",
        "protocol_id": "reproduction-v2-candidate",
        "assets_manifest": "data/assets_manifest.json",
        "manifest_split": "test",
        "asset_root": "data/pg19",
        "offline": true,
        "device": "cuda",
        "calibration_start": 64,
        "calibration_end": 512,
        "selection_threshold": 0.9,
        "max_gpu_seconds": 8183,
        "parent_run_id": null,
        "environment_id": "h800-torch214-transformers433",
        "inject_failure_after_book": null
      },
      "output_path": "runs/R-v2-20261008-streaming-s0",
      "existing_status": "not_registered",
      "reusable": false,
      "estimated_gpu_hours": 1.7916672606370174,
      "config_sha256": "c0b0339eab97e74e824b027de52f66346e8f9d4e5aa34f905e6851c1d5f2d679"
    },
    {
      "run_id": "R-v2-20261008-window-s1",
      "config": {
        "model": "EleutherAI/pythia-2.8b",
        "model_revision": "2a259cdd96a4beb1cdf467512e3904197345f6a9",
        "precision": "fp16",
        "scorer_precision": "fp32",
        "position_policy": "cache_relative",
        "run_id": "R-v2-20261008-window-s1",
        "method": "window",
        "book_files": [
          "data/pg19/test/10146.txt",
          "data/pg19/test/10321.txt",
          "data/pg19/test/10356.txt",
          "data/pg19/test/10762.txt",
          "data/pg19/test/12204.txt",
          "data/pg19/test/15562.txt",
          "data/pg19/test/22424.txt",
          "data/pg19/test/24553.txt",
          "data/pg19/test/2544.txt",
          "data/pg19/test/25646.txt"
        ],
        "sink_tokens": 0,
        "recent_tokens": 1024,
        "max_tokens_per_book": 16384,
        "min_scored_idx": 1025,
        "output_dir": null,
        "seed": 1,
        "phase": "reproduction",
        "protocol_id": "reproduction-v2-candidate",
        "assets_manifest": "data/assets_manifest.json",
        "manifest_split": "test",
        "asset_root": "data/pg19",
        "offline": true,
        "device": "cuda",
        "calibration_start": 64,
        "calibration_end": 512,
        "selection_threshold": 0.9,
        "max_gpu_seconds": 8183,
        "parent_run_id": null,
        "environment_id": "h800-torch214-transformers433",
        "inject_failure_after_book": null
      },
      "output_path": "runs/R-v2-20261008-window-s1",
      "existing_status": "not_registered",
      "reusable": false,
      "estimated_gpu_hours": 1.7916672606370174,
      "config_sha256": "d3fc670baca50fc151438c105509f17d2c9b0c1753df8f3d294676c3ce1cdbc8"
    },
    {
      "run_id": "R-v2-20261008-streaming-s1",
      "config": {
        "model": "EleutherAI/pythia-2.8b",
        "model_revision": "2a259cdd96a4beb1cdf467512e3904197345f6a9",
        "precision": "fp16",
        "scorer_precision": "fp32",
        "position_policy": "cache_relative",
        "run_id": "R-v2-20261008-streaming-s1",
        "method": "streaming",
        "book_files": [
          "data/pg19/test/10146.txt",
          "data/pg19/test/10321.txt",
          "data/pg19/test/10356.txt",
          "data/pg19/test/10762.txt",
          "data/pg19/test/12204.txt",
          "data/pg19/test/15562.txt",
          "data/pg19/test/22424.txt",
          "data/pg19/test/24553.txt",
          "data/pg19/test/2544.txt",
          "data/pg19/test/25646.txt"
        ],
        "sink_tokens": 4,
        "recent_tokens": 1020,
        "max_tokens_per_book": 16384,
        "min_scored_idx": 1025,
        "output_dir": null,
        "seed": 1,
        "phase": "reproduction",
        "protocol_id": "reproduction-v2-candidate",
        "assets_manifest": "data/assets_manifest.json",
        "manifest_split": "test",
        "asset_root": "data/pg19",
        "offline": true,
        "device": "cuda",
        "calibration_start": 64,
        "calibration_end": 512,
        "selection_threshold": 0.9,
        "max_gpu_seconds": 8183,
        "parent_run_id": null,
        "environment_id": "h800-torch214-transformers433",
        "inject_failure_after_book": null
      },
      "output_path": "runs/R-v2-20261008-streaming-s1",
      "existing_status": "not_registered",
      "reusable": false,
      "estimated_gpu_hours": 1.7916672606370174,
      "config_sha256": "38d46e5fd4d05c6c048e5a4a9f17ff0ce25d74672eb6080dd85bb4cc14b18d60"
    },
    {
      "run_id": "R-v2-20261008-window-s2",
      "config": {
        "model": "EleutherAI/pythia-2.8b",
        "model_revision": "2a259cdd96a4beb1cdf467512e3904197345f6a9",
        "precision": "fp16",
        "scorer_precision": "fp32",
        "position_policy": "cache_relative",
        "run_id": "R-v2-20261008-window-s2",
        "method": "window",
        "book_files": [
          "data/pg19/test/10146.txt",
          "data/pg19/test/10321.txt",
          "data/pg19/test/10356.txt",
          "data/pg19/test/10762.txt",
          "data/pg19/test/12204.txt",
          "data/pg19/test/15562.txt",
          "data/pg19/test/22424.txt",
          "data/pg19/test/24553.txt",
          "data/pg19/test/2544.txt",
          "data/pg19/test/25646.txt"
        ],
        "sink_tokens": 0,
        "recent_tokens": 1024,
        "max_tokens_per_book": 16384,
        "min_scored_idx": 1025,
        "output_dir": null,
        "seed": 2,
        "phase": "reproduction",
        "protocol_id": "reproduction-v2-candidate",
        "assets_manifest": "data/assets_manifest.json",
        "manifest_split": "test",
        "asset_root": "data/pg19",
        "offline": true,
        "device": "cuda",
        "calibration_start": 64,
        "calibration_end": 512,
        "selection_threshold": 0.9,
        "max_gpu_seconds": 8183,
        "parent_run_id": null,
        "environment_id": "h800-torch214-transformers433",
        "inject_failure_after_book": null
      },
      "output_path": "runs/R-v2-20261008-window-s2",
      "existing_status": "not_registered",
      "reusable": false,
      "estimated_gpu_hours": 1.7916672606370174,
      "config_sha256": "e137f530d9a716d480a9cc461617408ed9f664962da6375f2d8157d0ea8b2c3a"
    },
    {
      "run_id": "R-v2-20261008-streaming-s2",
      "config": {
        "model": "EleutherAI/pythia-2.8b",
        "model_revision": "2a259cdd96a4beb1cdf467512e3904197345f6a9",
        "precision": "fp16",
        "scorer_precision": "fp32",
        "position_policy": "cache_relative",
        "run_id": "R-v2-20261008-streaming-s2",
        "method": "streaming",
        "book_files": [
          "data/pg19/test/10146.txt",
          "data/pg19/test/10321.txt",
          "data/pg19/test/10356.txt",
          "data/pg19/test/10762.txt",
          "data/pg19/test/12204.txt",
          "data/pg19/test/15562.txt",
          "data/pg19/test/22424.txt",
          "data/pg19/test/24553.txt",
          "data/pg19/test/2544.txt",
          "data/pg19/test/25646.txt"
        ],
        "sink_tokens": 4,
        "recent_tokens": 1020,
        "max_tokens_per_book": 16384,
        "min_scored_idx": 1025,
        "output_dir": null,
        "seed": 2,
        "phase": "reproduction",
        "protocol_id": "reproduction-v2-candidate",
        "assets_manifest": "data/assets_manifest.json",
        "manifest_split": "test",
        "asset_root": "data/pg19",
        "offline": true,
        "device": "cuda",
        "calibration_start": 64,
        "calibration_end": 512,
        "selection_threshold": 0.9,
        "max_gpu_seconds": 8183,
        "parent_run_id": null,
        "environment_id": "h800-torch214-transformers433",
        "inject_failure_after_book": null
      },
      "output_path": "runs/R-v2-20261008-streaming-s2",
      "existing_status": "not_registered",
      "reusable": false,
      "estimated_gpu_hours": 1.7916672606370174,
      "config_sha256": "91795bad6f7acb8faa70fb2277e0e54e66d372e0e0ffb8cce99b2717309ddde6"
    }
  ],
  "spent_or_reserved_gpu_hours": 0.5786337181645084,
  "estimated_new_gpu_hours": 10.750003563822105,
  "ceiling_gpu_hours": 20.0,
  "approval": "scientific decision pending: reproduction_v2; see docs/protocol_amendments.md",
  "selected_gpu": 0,
  "dry_run": false
}usage: run_matrix.py [-h] --matrix MATRIX (--dry-run | --execute)
run_matrix.py: error: scientific decision pending: reproduction_v2; see docs/protocol_amendments.md

