/home/renjie/CISC8006Project/.venv-verified/lib/python3.10/site-packages/huggingface_hub/file_download.py:1142: FutureWarning: `resume_download` is deprecated and will be removed in version 1.0.0. Downloads always resume when possible. If you want to force a new download, use `force_download=True`.
  warnings.warn(
/home/renjie/CISC8006Project/.venv-verified/lib/python3.10/site-packages/transformers/utils/generic.py:311: FutureWarning: `torch.utils._pytree._register_pytree_node` is deprecated. Please use `torch.utils._pytree.register_pytree_node` instead.
  torch.utils._pytree._register_pytree_node(
/home/renjie/CISC8006Project/.venv-verified/lib/python3.10/site-packages/transformers/utils/generic.py:311: FutureWarning: `torch.utils._pytree._register_pytree_node` is deprecated. Please use `torch.utils._pytree.register_pytree_node` instead.
  torch.utils._pytree._register_pytree_node(
/home/renjie/CISC8006Project/.venv-verified/lib/python3.10/site-packages/huggingface_hub/file_download.py:1142: FutureWarning: `resume_download` is deprecated and will be removed in version 1.0.0. Downloads always resume when possible. If you want to force a new download, use `force_download=True`.
  warnings.warn(
StartRecentKVCache: 4, 1020
{"run_id": "mig-equivalence-20261009", "book": "10146", "step": 0}
{"book": "10146", "nll": 1.9768825479422696, "scored": 174}
{
  "run_id": "mig-equivalence-20261009",
  "macro_book_nll": 1.9768825479422696,
  "micro_token_nll": 1.9768825479422696,
  "scored_tokens": 174,
  "elapsed_seconds": 53.87585867103189,
  "predictions_per_second": 22.254865714923284
}
{"run_id": "mig-equivalence-20261009", "status": "completed", "gpu_hours": 0.022678066912728053}
