Using CPython 3.10.12 interpreter at: /usr/bin/python3.10
Creating virtual environment at: .venv-clean-owner
Activate with: source .venv-clean-owner/bin/activate
Using Python 3.10.12 environment at: .venv-clean-owner
Resolved 1 package in 177ms
Installed 1 package in 15ms
 + pip==26.2.1
Using Python 3.10.12 environment at: .venv-clean-owner
Resolved 29 packages in 1.98s
Installed 29 packages in 113ms
 + cuda-bindings==13.3.1
 + cuda-pathfinder==1.6.0
 + cuda-toolkit==13.0.3.0
 + filelock==3.32.3
 + fsspec==2026.7.0
 + jinja2==3.1.6
 + markupsafe==3.0.3
 + mpmath==1.3.0
 + networkx==3.4.2
 + nvidia-cublas==13.1.1.3
 + nvidia-cuda-cupti==13.0.85
 + nvidia-cuda-nvrtc==13.0.88
 + nvidia-cuda-runtime==13.0.96
 + nvidia-cudnn-cu13==9.24.0.43
 + nvidia-cufft==12.0.0.61
 + nvidia-cufile==1.15.1.6
 + nvidia-curand==10.4.0.35
 + nvidia-cusolver==12.0.4.66
 + nvidia-cusparse==12.6.3.3
 + nvidia-cusparselt-cu13==0.8.1
 + nvidia-nccl-cu13==2.30.7
 + nvidia-nvjitlink==13.3.33
 + nvidia-nvshmem-cu13==3.4.5
 + nvidia-nvtx==13.0.85
 + setuptools==78.1.0
 + sympy==1.14.0
 + torch==2.14.0+cu130
 + triton==3.8.0
 + typing-extensions==4.16.0
Collecting accelerate==0.21.0 (from -r environment/verified-pip-freeze.txt (line 1))
  Using cached accelerate-0.21.0-py3-none-any.whl.metadata (17 kB)
Collecting certifi==2026.7.22 (from -r environment/verified-pip-freeze.txt (line 2))
  Using cached certifi-2026.7.22-py3-none-any.whl.metadata (2.5 kB)
Collecting charset-normalizer==3.5.2 (from -r environment/verified-pip-freeze.txt (line 3))
  Using cached charset_normalizer-3.5.2-cp310-cp310-manylinux2014_x86_64.manylinux_2_17_x86_64.manylinux_2_28_x86_64.whl.metadata (46 kB)
Collecting contourpy==1.3.2 (from -r environment/verified-pip-freeze.txt (line 4))
  Using cached contourpy-1.3.2-cp310-cp310-manylinux_2_17_x86_64.manylinux2014_x86_64.whl.metadata (5.5 kB)
Requirement already satisfied: cuda-bindings==13.3.1 in ./.venv-clean-owner/lib/python3.10/site-packages (from -r environment/verified-pip-freeze.txt (line 5)) (13.3.1)
Requirement already satisfied: cuda-pathfinder==1.6.0 in ./.venv-clean-owner/lib/python3.10/site-packages (from -r environment/verified-pip-freeze.txt (line 6)) (1.6.0)
Requirement already satisfied: cuda-toolkit==13.0.3.0 in ./.venv-clean-owner/lib/python3.10/site-packages (from -r environment/verified-pip-freeze.txt (line 7)) (13.0.3.0)
Collecting cycler==0.12.1 (from -r environment/verified-pip-freeze.txt (line 8))
  Using cached cycler-0.12.1-py3-none-any.whl.metadata (3.8 kB)
Collecting exceptiongroup==1.3.1 (from -r environment/verified-pip-freeze.txt (line 9))
  Using cached exceptiongroup-1.3.1-py3-none-any.whl.metadata (6.7 kB)
Requirement already satisfied: filelock==3.32.3 in ./.venv-clean-owner/lib/python3.10/site-packages (from -r environment/verified-pip-freeze.txt (line 10)) (3.32.3)
Collecting fonttools==4.65.0 (from -r environment/verified-pip-freeze.txt (line 11))
  Using cached fonttools-4.65.0-cp310-cp310-manylinux2014_x86_64.manylinux_2_17_x86_64.whl.metadata (125 kB)
Requirement already satisfied: fsspec==2026.7.0 in ./.venv-clean-owner/lib/python3.10/site-packages (from -r environment/verified-pip-freeze.txt (line 12)) (2026.7.0)
Collecting huggingface-hub==0.25.2 (from -r environment/verified-pip-freeze.txt (line 13))
  Using cached huggingface_hub-0.25.2-py3-none-any.whl.metadata (13 kB)
Collecting idna==3.20 (from -r environment/verified-pip-freeze.txt (line 14))
  Using cached idna-3.20-py3-none-any.whl.metadata (7.2 kB)
Collecting iniconfig==2.3.1 (from -r environment/verified-pip-freeze.txt (line 15))
  Using cached iniconfig-2.3.1-py3-none-any.whl.metadata (2.8 kB)
Requirement already satisfied: Jinja2==3.1.6 in ./.venv-clean-owner/lib/python3.10/site-packages (from -r environment/verified-pip-freeze.txt (line 16)) (3.1.6)
Collecting kiwisolver==1.5.1 (from -r environment/verified-pip-freeze.txt (line 17))
  Using cached kiwisolver-1.5.1-cp310-cp310-manylinux_2_12_x86_64.manylinux2010_x86_64.whl.metadata (5.2 kB)
Collecting lxml==6.1.3 (from -r environment/verified-pip-freeze.txt (line 18))
  Using cached lxml-6.1.3-cp310-cp310-manylinux_2_26_x86_64.manylinux_2_28_x86_64.whl.metadata (3.3 kB)
Requirement already satisfied: MarkupSafe==3.0.3 in ./.venv-clean-owner/lib/python3.10/site-packages (from -r environment/verified-pip-freeze.txt (line 19)) (3.0.3)
Collecting matplotlib==3.10.7 (from -r environment/verified-pip-freeze.txt (line 20))
  Using cached matplotlib-3.10.7-cp310-cp310-manylinux2014_x86_64.manylinux_2_17_x86_64.whl.metadata (11 kB)
Requirement already satisfied: mpmath==1.3.0 in ./.venv-clean-owner/lib/python3.10/site-packages (from -r environment/verified-pip-freeze.txt (line 21)) (1.3.0)
Requirement already satisfied: networkx==3.4.2 in ./.venv-clean-owner/lib/python3.10/site-packages (from -r environment/verified-pip-freeze.txt (line 22)) (3.4.2)
Collecting numpy==1.26.4 (from -r environment/verified-pip-freeze.txt (line 23))
  Using cached numpy-1.26.4-cp310-cp310-manylinux_2_17_x86_64.manylinux2014_x86_64.whl.metadata (61 kB)
Requirement already satisfied: nvidia-cublas==13.1.1.3 in ./.venv-clean-owner/lib/python3.10/site-packages (from -r environment/verified-pip-freeze.txt (line 24)) (13.1.1.3)
Requirement already satisfied: nvidia-cuda-cupti==13.0.85 in ./.venv-clean-owner/lib/python3.10/site-packages (from -r environment/verified-pip-freeze.txt (line 25)) (13.0.85)
Requirement already satisfied: nvidia-cuda-nvrtc==13.0.88 in ./.venv-clean-owner/lib/python3.10/site-packages (from -r environment/verified-pip-freeze.txt (line 26)) (13.0.88)
Requirement already satisfied: nvidia-cuda-runtime==13.0.96 in ./.venv-clean-owner/lib/python3.10/site-packages (from -r environment/verified-pip-freeze.txt (line 27)) (13.0.96)
Requirement already satisfied: nvidia-cudnn-cu13==9.24.0.43 in ./.venv-clean-owner/lib/python3.10/site-packages (from -r environment/verified-pip-freeze.txt (line 28)) (9.24.0.43)
Requirement already satisfied: nvidia-cufft==12.0.0.61 in ./.venv-clean-owner/lib/python3.10/site-packages (from -r environment/verified-pip-freeze.txt (line 29)) (12.0.0.61)
Requirement already satisfied: nvidia-cufile==1.15.1.6 in ./.venv-clean-owner/lib/python3.10/site-packages (from -r environment/verified-pip-freeze.txt (line 30)) (1.15.1.6)
Requirement already satisfied: nvidia-curand==10.4.0.35 in ./.venv-clean-owner/lib/python3.10/site-packages (from -r environment/verified-pip-freeze.txt (line 31)) (10.4.0.35)
Requirement already satisfied: nvidia-cusolver==12.0.4.66 in ./.venv-clean-owner/lib/python3.10/site-packages (from -r environment/verified-pip-freeze.txt (line 32)) (12.0.4.66)
Requirement already satisfied: nvidia-cusparse==12.6.3.3 in ./.venv-clean-owner/lib/python3.10/site-packages (from -r environment/verified-pip-freeze.txt (line 33)) (12.6.3.3)
Requirement already satisfied: nvidia-cusparselt-cu13==0.8.1 in ./.venv-clean-owner/lib/python3.10/site-packages (from -r environment/verified-pip-freeze.txt (line 34)) (0.8.1)
Collecting nvidia-ml-py==13.615.71 (from -r environment/verified-pip-freeze.txt (line 35))
  Using cached nvidia_ml_py-13.615.71-py3-none-any.whl.metadata (9.7 kB)
Requirement already satisfied: nvidia-nccl-cu13==2.30.7 in ./.venv-clean-owner/lib/python3.10/site-packages (from -r environment/verified-pip-freeze.txt (line 36)) (2.30.7)
Requirement already satisfied: nvidia-nvjitlink==13.3.33 in ./.venv-clean-owner/lib/python3.10/site-packages (from -r environment/verified-pip-freeze.txt (line 37)) (13.3.33)
Requirement already satisfied: nvidia-nvshmem-cu13==3.4.5 in ./.venv-clean-owner/lib/python3.10/site-packages (from -r environment/verified-pip-freeze.txt (line 38)) (3.4.5)
Requirement already satisfied: nvidia-nvtx==13.0.85 in ./.venv-clean-owner/lib/python3.10/site-packages (from -r environment/verified-pip-freeze.txt (line 39)) (13.0.85)
Collecting packaging==26.3 (from -r environment/verified-pip-freeze.txt (line 40))
  Using cached packaging-26.3-py3-none-any.whl.metadata (3.5 kB)
Collecting pillow==12.3.0 (from -r environment/verified-pip-freeze.txt (line 41))
  Using cached pillow-12.3.0-cp310-cp310-manylinux_2_27_x86_64.manylinux_2_28_x86_64.whl.metadata (9.1 kB)
Requirement already satisfied: pip==26.2.1 in ./.venv-clean-owner/lib/python3.10/site-packages (from -r environment/verified-pip-freeze.txt (line 42)) (26.2.1)
Collecting pluggy==1.6.0 (from -r environment/verified-pip-freeze.txt (line 43))
  Using cached pluggy-1.6.0-py3-none-any.whl.metadata (4.8 kB)
Collecting psutil==7.2.2 (from -r environment/verified-pip-freeze.txt (line 44))
  Using cached psutil-7.2.2-cp36-abi3-manylinux2010_x86_64.manylinux_2_12_x86_64.manylinux_2_28_x86_64.whl.metadata (22 kB)
Collecting Pygments==2.21.0 (from -r environment/verified-pip-freeze.txt (line 45))
  Using cached pygments-2.21.0-py3-none-any.whl.metadata (2.5 kB)
Collecting pyparsing==3.3.3 (from -r environment/verified-pip-freeze.txt (line 46))
  Using cached pyparsing-3.3.3-py3-none-any.whl.metadata (5.9 kB)
Collecting pytest==8.4.2 (from -r environment/verified-pip-freeze.txt (line 47))
  Using cached pytest-8.4.2-py3-none-any.whl.metadata (7.7 kB)
Collecting python-dateutil==2.9.0.post0 (from -r environment/verified-pip-freeze.txt (line 48))
  Using cached python_dateutil-2.9.0.post0-py2.py3-none-any.whl.metadata (8.4 kB)
Collecting python-pptx==1.0.2 (from -r environment/verified-pip-freeze.txt (line 49))
  Using cached python_pptx-1.0.2-py3-none-any.whl.metadata (2.5 kB)
Collecting PyYAML==6.0.3 (from -r environment/verified-pip-freeze.txt (line 50))
  Using cached pyyaml-6.0.3-cp310-cp310-manylinux2014_x86_64.manylinux_2_17_x86_64.manylinux_2_28_x86_64.whl.metadata (2.4 kB)
Collecting regex==2026.9.29 (from -r environment/verified-pip-freeze.txt (line 51))
  Using cached regex-2026.9.29-cp310-cp310-manylinux2014_x86_64.manylinux_2_17_x86_64.manylinux_2_28_x86_64.whl.metadata (40 kB)
Collecting reportlab==4.4.4 (from -r environment/verified-pip-freeze.txt (line 52))
  Using cached reportlab-4.4.4-py3-none-any.whl.metadata (1.7 kB)
Collecting requests==2.34.2 (from -r environment/verified-pip-freeze.txt (line 53))
  Using cached requests-2.34.2-py3-none-any.whl.metadata (4.8 kB)
Collecting safetensors==0.8.0 (from -r environment/verified-pip-freeze.txt (line 54))
  Using cached safetensors-0.8.0-cp310-abi3-manylinux_2_17_x86_64.manylinux2014_x86_64.whl.metadata (4.2 kB)
Requirement already satisfied: setuptools==78.1.0 in ./.venv-clean-owner/lib/python3.10/site-packages (from -r environment/verified-pip-freeze.txt (line 55)) (78.1.0)
Collecting six==1.17.0 (from -r environment/verified-pip-freeze.txt (line 56))
  Using cached six-1.17.0-py2.py3-none-any.whl.metadata (1.7 kB)
Requirement already satisfied: sympy==1.14.0 in ./.venv-clean-owner/lib/python3.10/site-packages (from -r environment/verified-pip-freeze.txt (line 57)) (1.14.0)
Collecting tokenizers==0.13.3 (from -r environment/verified-pip-freeze.txt (line 58))
  Using cached tokenizers-0.13.3-cp310-cp310-manylinux_2_17_x86_64.manylinux2014_x86_64.whl.metadata (6.7 kB)
Collecting tomli==2.5.0 (from -r environment/verified-pip-freeze.txt (line 59))
  Using cached tomli-2.5.0-py3-none-any.whl.metadata (10 kB)
Requirement already satisfied: torch==2.14.0+cu130 in ./.venv-clean-owner/lib/python3.10/site-packages (from -r environment/verified-pip-freeze.txt (line 60)) (2.14.0+cu130)
Collecting tqdm==4.70.1 (from -r environment/verified-pip-freeze.txt (line 61))
  Using cached tqdm-4.70.1-py3-none-any.whl.metadata (57 kB)
Collecting transformers==4.33.0 (from -r environment/verified-pip-freeze.txt (line 62))
  Using cached transformers-4.33.0-py3-none-any.whl.metadata (119 kB)
Requirement already satisfied: triton==3.8.0 in ./.venv-clean-owner/lib/python3.10/site-packages (from -r environment/verified-pip-freeze.txt (line 63)) (3.8.0)
Requirement already satisfied: typing_extensions==4.16.0 in ./.venv-clean-owner/lib/python3.10/site-packages (from -r environment/verified-pip-freeze.txt (line 64)) (4.16.0)
Collecting urllib3==2.8.0 (from -r environment/verified-pip-freeze.txt (line 65))
  Using cached urllib3-2.8.0-py3-none-any.whl.metadata (7.4 kB)
Collecting wheel==0.45.1 (from -r environment/verified-pip-freeze.txt (line 66))
  Using cached wheel-0.45.1-py3-none-any.whl.metadata (2.3 kB)
Collecting xlsxwriter==3.2.9 (from -r environment/verified-pip-freeze.txt (line 67))
  Using cached xlsxwriter-3.2.9-py3-none-any.whl.metadata (2.7 kB)
Using cached accelerate-0.21.0-py3-none-any.whl (244 kB)
Using cached certifi-2026.7.22-py3-none-any.whl (136 kB)
Using cached charset_normalizer-3.5.2-cp310-cp310-manylinux2014_x86_64.manylinux_2_17_x86_64.manylinux_2_28_x86_64.whl (271 kB)
Using cached contourpy-1.3.2-cp310-cp310-manylinux_2_17_x86_64.manylinux2014_x86_64.whl (325 kB)
Using cached cycler-0.12.1-py3-none-any.whl (8.3 kB)
Using cached exceptiongroup-1.3.1-py3-none-any.whl (16 kB)
Using cached fonttools-4.65.0-cp310-cp310-manylinux2014_x86_64.manylinux_2_17_x86_64.whl (5.3 MB)
Using cached huggingface_hub-0.25.2-py3-none-any.whl (436 kB)
Using cached idna-3.20-py3-none-any.whl (69 kB)
Using cached iniconfig-2.3.1-py3-none-any.whl (7.6 kB)
Using cached kiwisolver-1.5.1-cp310-cp310-manylinux_2_12_x86_64.manylinux2010_x86_64.whl (1.6 MB)
Using cached lxml-6.1.3-cp310-cp310-manylinux_2_26_x86_64.manylinux_2_28_x86_64.whl (5.3 MB)
Using cached matplotlib-3.10.7-cp310-cp310-manylinux2014_x86_64.manylinux_2_17_x86_64.whl (8.7 MB)
Using cached numpy-1.26.4-cp310-cp310-manylinux_2_17_x86_64.manylinux2014_x86_64.whl (18.2 MB)
Using cached nvidia_ml_py-13.615.71-py3-none-any.whl (58 kB)
Using cached packaging-26.3-py3-none-any.whl (129 kB)
Using cached pillow-12.3.0-cp310-cp310-manylinux_2_27_x86_64.manylinux_2_28_x86_64.whl (6.9 MB)
Using cached pluggy-1.6.0-py3-none-any.whl (20 kB)
Using cached psutil-7.2.2-cp36-abi3-manylinux2010_x86_64.manylinux_2_12_x86_64.manylinux_2_28_x86_64.whl (155 kB)
Using cached pygments-2.21.0-py3-none-any.whl (1.3 MB)
Using cached pyparsing-3.3.3-py3-none-any.whl (126 kB)
Using cached pytest-8.4.2-py3-none-any.whl (365 kB)
Using cached python_dateutil-2.9.0.post0-py2.py3-none-any.whl (229 kB)
Using cached python_pptx-1.0.2-py3-none-any.whl (472 kB)
Using cached pyyaml-6.0.3-cp310-cp310-manylinux2014_x86_64.manylinux_2_17_x86_64.manylinux_2_28_x86_64.whl (770 kB)
Using cached regex-2026.9.29-cp310-cp310-manylinux2014_x86_64.manylinux_2_17_x86_64.manylinux_2_28_x86_64.whl (797 kB)
Using cached reportlab-4.4.4-py3-none-any.whl (2.0 MB)
Using cached requests-2.34.2-py3-none-any.whl (73 kB)
Using cached urllib3-2.8.0-py3-none-any.whl (135 kB)
Using cached safetensors-0.8.0-cp310-abi3-manylinux_2_17_x86_64.manylinux2014_x86_64.whl (516 kB)
Using cached six-1.17.0-py2.py3-none-any.whl (11 kB)
Using cached tokenizers-0.13.3-cp310-cp310-manylinux_2_17_x86_64.manylinux2014_x86_64.whl (7.8 MB)
Using cached tomli-2.5.0-py3-none-any.whl (14 kB)
Using cached tqdm-4.70.1-py3-none-any.whl (80 kB)
Using cached transformers-4.33.0-py3-none-any.whl (7.6 MB)
Using cached wheel-0.45.1-py3-none-any.whl (72 kB)
Using cached xlsxwriter-3.2.9-py3-none-any.whl (175 kB)
Installing collected packages: tokenizers, nvidia-ml-py, xlsxwriter, wheel, urllib3, tqdm, tomli, six, safetensors, regex, PyYAML, pyparsing, Pygments, psutil, pluggy, pillow, packaging, numpy, lxml, kiwisolver, iniconfig, idna, fonttools, exceptiongroup, cycler, charset-normalizer, certifi, requests, reportlab, python-pptx, python-dateutil, pytest, contourpy, matplotlib, huggingface-hub, transformers, accelerate

Successfully installed PyYAML-6.0.3 Pygments-2.21.0 accelerate-0.21.0 certifi-2026.7.22 charset-normalizer-3.5.2 contourpy-1.3.2 cycler-0.12.1 exceptiongroup-1.3.1 fonttools-4.65.0 huggingface-hub-0.25.2 idna-3.20 iniconfig-2.3.1 kiwisolver-1.5.1 lxml-6.1.3 matplotlib-3.10.7 numpy-1.26.4 nvidia-ml-py-13.615.71 packaging-26.3 pillow-12.3.0 pluggy-1.6.0 psutil-7.2.2 pyparsing-3.3.3 pytest-8.4.2 python-dateutil-2.9.0.post0 python-pptx-1.0.2 regex-2026.9.29 reportlab-4.4.4 requests-2.34.2 safetensors-0.8.0 six-1.17.0 tokenizers-0.13.3 tomli-2.5.0 tqdm-4.70.1 transformers-4.33.0 urllib3-2.8.0 wheel-0.45.1 xlsxwriter-3.2.9
No broken requirements found.
Obtaining file:///home/renjie/tmp/CISC8006Project-clean-owner-20261009
  Checking if build backend supports build_editable: started
  Checking if build backend supports build_editable: finished with status 'done'
  Preparing editable metadata (pyproject.toml): started
  Preparing editable metadata (pyproject.toml): finished with status 'done'
Building wheels for collected packages: cisc8006-streaming-audit
  Building editable for cisc8006-streaming-audit (pyproject.toml): started
  Building editable for cisc8006-streaming-audit (pyproject.toml): finished with status 'done'
  Created wheel for cisc8006-streaming-audit: filename=cisc8006_streaming_audit-0.2.0-0.editable-py3-none-any.whl size=4332 sha256=cab23123cb9320f9d7b9ccad3060aaabdf0ba868c1f94f34253606178c2b5ec9
  Stored in directory: /tmp/pip-ephem-wheel-cache-vouyr0na/wheels/15/52/cb/5fd905986089fe42cdf0d09f7577e3c36b0cda6a58051162ed
Successfully built cisc8006-streaming-audit
Installing collected packages: cisc8006-streaming-audit
Successfully installed cisc8006-streaming-audit-0.2.0
2.14.0+cu130 4.33.0 1.26.4
