/home/renjie/CISC8006Project/.venv/lib/python3.10/site-packages/huggingface_hub/file_download.py:1142: FutureWarning: `resume_download` is deprecated and will be removed in version 1.0.0. Downloads always resume when possible. If you want to force a new download, use `force_download=True`.
  warnings.warn(
/home/renjie/CISC8006Project/.venv/lib/python3.10/site-packages/transformers/utils/generic.py:311: FutureWarning: `torch.utils._pytree._register_pytree_node` is deprecated. Please use `torch.utils._pytree.register_pytree_node` instead.
  torch.utils._pytree._register_pytree_node(
/home/renjie/CISC8006Project/.venv/lib/python3.10/site-packages/transformers/utils/generic.py:311: FutureWarning: `torch.utils._pytree._register_pytree_node` is deprecated. Please use `torch.utils._pytree.register_pytree_node` instead.
  torch.utils._pytree._register_pytree_node(
/home/renjie/CISC8006Project/.venv/lib/python3.10/site-packages/huggingface_hub/file_download.py:1142: FutureWarning: `resume_download` is deprecated and will be removed in version 1.0.0. Downloads always resume when possible. If you want to force a new download, use `force_download=True`.
  warnings.warn(
StartRecentKVCache: 4, 1020
{"run_id": "scorer-legacy-20261008", "book": "10146", "step": 0}
{"book": "10146", "nll": 1.976471546737627, "scored": 174}
{
  "run_id": "scorer-legacy-20261008",
  "macro_book_nll": 1.976471546737627,
  "micro_token_nll": 1.976471546737627,
  "scored_tokens": 174,
  "elapsed_seconds": 46.977138090878725,
  "predictions_per_second": 25.52305331330524
}
{"run_id": "scorer-legacy-20261008", "status": "completed", "gpu_hours": 0.02073548567778845}
