StartRecentKVCache: 4, 1020
{"run_id": "P-v2-mig-20261009-h1_adaptive_sink-s0", "book": "1022", "step": 0}
StartRecentKVCache: 2, 1022
{"run_id": "P-v2-mig-20261009-h1_adaptive_sink-s0", "book": "1022", "step": 2048}
{"run_id": "P-v2-mig-20261009-h1_adaptive_sink-s0", "book": "1022", "step": 4096}
{"run_id": "P-v2-mig-20261009-h1_adaptive_sink-s0", "book": "1022", "step": 6144}
{"book": "1022", "nll": 2.6667510972723183, "scored": 7166}
StartRecentKVCache: 4, 1020
{"run_id": "P-v2-mig-20261009-h1_adaptive_sink-s0", "book": "11155", "step": 0}
StartRecentKVCache: 8, 1016
{"run_id": "P-v2-mig-20261009-h1_adaptive_sink-s0", "book": "11155", "step": 2048}
{"run_id": "P-v2-mig-20261009-h1_adaptive_sink-s0", "book": "11155", "step": 4096}
{"run_id": "P-v2-mig-20261009-h1_adaptive_sink-s0", "book": "11155", "step": 6144}
{"book": "11155", "nll": 2.836075302324973, "scored": 7166}
StartRecentKVCache: 4, 1020
{"run_id": "P-v2-mig-20261009-h1_adaptive_sink-s0", "book": "13089", "step": 0}
StartRecentKVCache: 2, 1022
{"run_id": "P-v2-mig-20261009-h1_adaptive_sink-s0", "book": "13089", "step": 2048}
{"run_id": "P-v2-mig-20261009-h1_adaptive_sink-s0", "book": "13089", "step": 4096}
{"run_id": "P-v2-mig-20261009-h1_adaptive_sink-s0", "book": "13089", "step": 6144}
{"book": "13089", "nll": 2.3173989763925085, "scored": 7166}
{
  "run_id": "P-v2-mig-20261009-h1_adaptive_sink-s0",
  "macro_book_nll": 2.6067417919966,
  "micro_token_nll": 2.6067417919966003,
  "scored_tokens": 21498,
  "elapsed_seconds": 1163.4372075428255,
  "predictions_per_second": 21.121036735534762
}
