StartRecentKVCache: 4, 1020
{"run_id": "A-h2-v2-mig-20261009-random_anchors-s0", "book": "1022", "step": 0}
{"run_id": "A-h2-v2-mig-20261009-random_anchors-s0", "book": "1022", "step": 2048}
{"run_id": "A-h2-v2-mig-20261009-random_anchors-s0", "book": "1022", "step": 4096}
{"run_id": "A-h2-v2-mig-20261009-random_anchors-s0", "book": "1022", "step": 6144}
{"book": "1022", "nll": 2.6962167940378494, "scored": 7166}
StartRecentKVCache: 4, 1020
{"run_id": "A-h2-v2-mig-20261009-random_anchors-s0", "book": "11155", "step": 0}
{"run_id": "A-h2-v2-mig-20261009-random_anchors-s0", "book": "11155", "step": 2048}
{"run_id": "A-h2-v2-mig-20261009-random_anchors-s0", "book": "11155", "step": 4096}
{"run_id": "A-h2-v2-mig-20261009-random_anchors-s0", "book": "11155", "step": 6144}
{"book": "11155", "nll": 2.8530564911883576, "scored": 7166}
StartRecentKVCache: 4, 1020
{"run_id": "A-h2-v2-mig-20261009-random_anchors-s0", "book": "13089", "step": 0}
{"run_id": "A-h2-v2-mig-20261009-random_anchors-s0", "book": "13089", "step": 2048}
{"run_id": "A-h2-v2-mig-20261009-random_anchors-s0", "book": "13089", "step": 4096}
{"run_id": "A-h2-v2-mig-20261009-random_anchors-s0", "book": "13089", "step": 6144}
{"book": "13089", "nll": 2.334159496446957, "scored": 7166}
{
  "run_id": "A-h2-v2-mig-20261009-random_anchors-s0",
  "macro_book_nll": 2.6278109272243877,
  "micro_token_nll": 2.627810927224388,
  "scored_tokens": 21498,
  "elapsed_seconds": 1170.1173464790918,
  "predictions_per_second": 21.00045783778925
}
