$ bash scripts/demo.sh
smoke-cpu-ca8f7f22e8f0: passed CPU fixtures
.....................................................                    [100%]
=============================== warnings summary ===============================
.venv-verified/lib/python3.10/site-packages/transformers/utils/generic.py:311
.venv-verified/lib/python3.10/site-packages/transformers/utils/generic.py:311
  /home/renjie/CISC8006Project/.venv-verified/lib/python3.10/site-packages/transformers/utils/generic.py:311: FutureWarning: `torch.utils._pytree._register_pytree_node` is deprecated. Please use `torch.utils._pytree.register_pytree_node` instead.
    torch.utils._pytree._register_pytree_node(

-- Docs: https://docs.pytest.org/en/stable/how-to/capture-warnings.html
53 passed, 2 deselected, 2 warnings in 3.23s
[
  {
    "run_id": "D-S1-20261008",
    "validation_status": "valid",
    "books": 1,
    "result_sha256": "ea903b2374e6c90d0243b98c9b352a92d65e8693f6a3ee534b87b8f5e66f08c2"
  }
]
{'run_id': 'D-S1-20261008', 'macro_book_nll': 2.2236811565931265, 'scored_tokens': 3070, 'git_commit': '77189031bef89f292934b1cdab8e687b0aae6e49'}
Single exposed smoke book; formal reproduction and improvement are pending real approval.

Process exit code: 0
