$ bash scripts/demo.sh
smoke-cpu-a8a821b8a6cf: passed CPU fixtures
.........................................................                [100%]
=============================== warnings summary ===============================
.venv-verified/lib/python3.10/site-packages/transformers/utils/generic.py:311
.venv-verified/lib/python3.10/site-packages/transformers/utils/generic.py:311
  /home/renjie/CISC8006Project/.venv-verified/lib/python3.10/site-packages/transformers/utils/generic.py:311: FutureWarning: `torch.utils._pytree._register_pytree_node` is deprecated. Please use `torch.utils._pytree.register_pytree_node` instead.
    torch.utils._pytree._register_pytree_node(

-- Docs: https://docs.pytest.org/en/stable/how-to/capture-warnings.html
57 passed, 2 deselected, 2 warnings in 3.37s
Owner-authorized study; methods matched on H800 MIG 2g.20gb; no GPU inference in this demo.
reproduction: delta=-0.721756, book-CI95=[-0.759084,-0.685837], supported
  10 books; actual seeds=[0, 1, 2]; primary equal-book NLL, secondary micro PPL.
  macro NLL 3.151635 -> 2.429879
  micro PPL 23.9581 -> 11.6922
  validated run=R-v2-mig-20261009-streaming-s0; source=61815385e46d0b47c80460fbc686b5fbef611a89
  result SHA256=4b3feca009d688f96d0c61b0c866e8d5fd665e150dfcff4f21eaf72dc138f6e7
  book=10146; scored=15358; raw SHA256=5fb88bf833d965ee54170bd4ac0f94e35872e22361a6f66fd48e5fbfb5ddc0ba
  figure=figures/reproduction_per_book_delta.png; SHA256=d1c02c7038da2d25caaf0a3738ac599dfa6d08440c92cf595d68f1779add6a8a
  summary SHA256=c8d55d6962823e3eb7298cf56118138ebe0f2dc259fbd36dc31ab4fe822192cc
improvement: delta=0.000108, book-CI95=[-0.000064,0.000303], inconclusive
  10 books; actual seeds=[0, 1, 2]; primary equal-book NLL, secondary micro PPL.
  macro NLL 2.429879 -> 2.429987
  micro PPL 11.6922 -> 11.6934
  validated run=I-h2-v2-mig-20261009-h2_sink_selection-s0; source=10616458feeeb9dfcac67907e6e0503415c297a8
  result SHA256=f5f9cbdf5543851c8dfb5e48bc9bf79482f3b8288c6d7d7e5c2388453da69966
  book=10146; scored=15358; raw SHA256=7c8acd798e309d91708ddbc9db795d9691a1d496238b4e96fa229c692d7359c6
  figure=figures/improvement_per_book_delta.png; SHA256=0d82eb9c5966b0d282a9caadb90f710d5f94031b90a1ac89e36cc1c2e738c87f
  summary SHA256=e9a509e4d17d0bfb07c66f946465d5601ecd61a1052d2e7a2485644243aa3c13
Complete evidence index: results/raw_artifact_index.csv and results/build_provenance.json
Actual peer review, individual defense and course submission are separately recorded human activities.

Process exit code: 0
